
> sammyrabbitbritishenglish@1.0.0 build
> next build

Γû▓ Next.js 16.1.6 (Turbopack)
- Environments: .env.local

  Creating an optimized production build ...
Γ£ô Compiled successfully in 30.6s
  Running TypeScript ...
  Collecting page data using 11 workers ...
npm : Error: Region is 
missing
At line:1 char:1
+ npm run build > 
build_output.txt 2>&1
+ ~~~~~~~~~~~~~~~~~~~~~~~~~~~
~~~~~~~~~~
    + CategoryInfo           
   : NotSpecified: (Error:   
  Region is missing:String   
 ) [], RemoteException
    + FullyQualifiedErrorId  
   : NativeCommandError
 
    at module evaluation (C:\
Users\jason\Documents\SammyRa
bbitBritishEnglish\.next\serv
er\chunks\[root-of-the-server
]__02c6cae4._.js:21:10652)
    at instantiateModule (C:\
Users\jason\Documents\SammyRa
bbitBritishEnglish\.next\serv
er\chunks\[turbopack]_runtime
.js:740:9)
    at 
instantiateRuntimeModule (C:\
Users\jason\Documents\SammyRa
bbitBritishEnglish\.next\serv
er\chunks\[turbopack]_runtime
.js:768:12)
    at getOrInstantiateRuntim
eModule (C:\Users\jason\Docum
ents\SammyRabbitBritishEnglis
h\.next\server\chunks\[turbop
ack]_runtime.js:781:12)
    at Object.m (C:\Users\jas
on\Documents\SammyRabbitBriti
shEnglish\.next\server\chunks
\[turbopack]_runtime.js:790:1
8)
    at Object.<anonymous> (C:
\Users\jason\Documents\SammyR
abbitBritishEnglish\.next\ser
ver\app\api\s3-upload\route.j
s:6:3)

> Build error occurred
Error: Failed to collect 
page data for /api/s3-upload
    at ignore-listed frames {
  type: 'Error'
}
